
> infinitx-app@0.0.0 build
> vite build

[36mvite v7.3.1 [32mbuilding client environment for production...[36m[39m
transforming...
[32mΓ£ô[39m 10 modules transformed.
node.exe : [31mΓ£ù[39m Build failed in 1.26s
At C:\Program Files\nodejs\npm.ps1:29 char:3
+   & $NODE_EXE $NPM_CLI_JS $args
+   ~~~~~~~~~~~~~~~~~~~~~~~~~~~~~
    + CategoryInfo          : NotSpecified: ([31mΓ£ù[39m Build failed in 1. 
   26s:String) [], RemoteException
    + FullyQualifiedErrorId : NativeCommandError
 
[31merror during build:
[31m[vite:css] [postcss] It looks like you're trying to use `tailwindcss` 
directly as a PostCSS plugin. The PostCSS plugin has moved to a separate 
package, so to continue using Tailwind CSS with PostCSS you'll need to 
install `@tailwindcss/postcss` and update your PostCSS configuration.[31m
file: [36mC:/Users/rekap/OneDrive/Desktop/infinitx/infinitx-app/src/index.css
:undefined:NaN[31m
    at at (C:\Users\rekap\OneDrive\Desktop\infinitx\infinitx-app\node_modules\
tailwindcss\dist\lib.js:38:1643)
    at LazyResult.runOnRoot (C:\Users\rekap\OneDrive\Desktop\infinitx\infinitx
-app\node_modules\postcss\lib\lazy-result.js:361:16)
    at LazyResult.runAsync (C:\Users\rekap\OneDrive\Desktop\infinitx\infinitx-
app\node_modules\postcss\lib\lazy-result.js:290:26)
    at LazyResult.async (C:\Users\rekap\OneDrive\Desktop\infinitx\infinitx-app
\node_modules\postcss\lib\lazy-result.js:192:30)
    at LazyResult.then (C:\Users\rekap\OneDrive\Desktop\infinitx\infinitx-app\
node_modules\postcss\lib\lazy-result.js:436:17)[39m
